[0codezone.github.io/Magnitude/index.html]
[backblue.gif]
[fade.gif]
[index.html]
[0codezone.github.io/Magnitude/wp-content/cache/wpfc-minified/8wlj9ga4/brfio.css]
[0codezone.github.io/Magnitude/fonts.googleapis.com/css18fe]
[0codezone.github.io/Magnitude/wp-content/cache/wpfc-minified/eu625954/brfio.css]
[0codezone.github.io/Magnitude/wp-content/cache/wpfc-minified/kngyqf53/brfct.css]
[0codezone.github.io/Magnitude/wp-content/cache/wpfc-minified/er2xct37/8hf2c.css]
[0codezone.github.io/Magnitude/wp-content/cache/wpfc-minified/ldwpmxzd/brfio.js]
[0codezone.github.io/Magnitude/wp-content/cache/wpfc-minified/8z26ruh8/brfio.js]
[0codezone.github.io/Magnitude/wp-content/cache/wpfc-minified/k9roapvd/brfio.js]
[0codezone.github.io/Magnitude/wp-content/cache/wpfc-minified/d3nz2dl9/brfio.js]
[0codezone.github.io/Magnitude/wp-includes/wlwmanifest.xml]
[0codezone.github.io/Magnitude/favicon_io/favicon.ico]
[0codezone.github.io/Magnitude/favicon_io/apple-touch-icon.png]
[0codezone.github.io/Magnitude/favicon_io/favicon-32x32.png]
[0codezone.github.io/Magnitude/favicon_io/favicon-16x16.png]
[0codezone.github.io/Magnitude/favicon_io/site.webmanifest]
[0codezone.github.io/Magnitude/wp-content/uploads/2020/07/background9665.jpg]
[0codezone.github.io/Magnitude/wp-content/uploads/2020/09/Banner-1200-80023f0.jpg]
[0codezone.github.io/Magnitude/contact.html]
[0codezone.github.io/Magnitude/wp-content/uploads/thegem-logos/lg2.png]
[0codezone.github.io/Magnitude/aboutus.html]
[0codezone.github.io/Magnitude/faq.html]
[0codezone.github.io/Magnitude/healthcare-email-list.html]
[0codezone.github.io/Magnitude/professionals-email-list.html]
[0codezone.github.io/Magnitude/technology-users-email-list.html]
[0codezone.github.io/Magnitude/industry-email-list.html]
[0codezone.github.io/Magnitude/international-email-list.html]
[0codezone.github.io/Magnitude/b2b-email-list.html]
[0codezone.github.io/Magnitude/data-appending-services.html]
[0codezone.github.io/Magnitude/email-appending-services.html]
[0codezone.github.io/Magnitude/data-cleansing-services.html]
[0codezone.github.io/Magnitude/data-licensing-services.html]
[0codezone.github.io/Magnitude/phone-appending-services.html]
[0codezone.github.io/Magnitude/wp-content/plugins/revslider/public/assets/assets/dummy.png]
[0codezone.github.io/Magnitude/wp-content/uploads/2020/07/service-4.jpg]
[0codezone.github.io/Magnitude/wp-content/uploads/2020/05/entrepreneur-1340649_640.jpg]
[0codezone.github.io/Magnitude/wp-content/uploads/2020/09/service-6.jpg]
[0codezone.github.io/Magnitude/wp-content/uploads/2020/07/service-3.jpg]
[0codezone.github.io/Magnitude/wp-content/images/why.jpg]
[0codezone.github.io/Magnitude/wp-content/images/market.png]
[0codezone.github.io/Magnitude/privacy-policy.html]
[0codezone.github.io/Magnitude/fonts.googleapis.com/css.2a617a.delayed]
[0codezone.github.io/Magnitude/wp-content/cache/wpfc-minified/9km4zi9a/brfcq.css]
[0codezone.github.io/Magnitude/wp-content/cache/wpfc-minified/fp5idmpw/brfio.js]
[0codezone.github.io/Magnitude/index.html]
[0codezone.github.io/Magnitude/wp-content/cache/wpfc-minified/knvsec62/brfio.js]
[0codezone.github.io/Magnitude/wp-content/cache/wpfc-minified/32nzk4it/8hf2d.js]
[0codezone.github.io/Magnitude/wp-content/cache/wpfc-minified/8wlj9ga4/brfio.css]
[www.sln-solutions.com/wp-content/themes/thegem/images/preloader-1.gif]
[www.sln-solutions.com/wp-content/themes/thegem/images/map-locker.png]
[www.sln-solutions.com/wp-content/themes/thegem/images/divider-zigzag.png]
[www.sln-solutions.com/wp-content/themes/thegem/images/divider-wave.png]
[www.sln-solutions.com/wp-content/themes/thegem/images/default-avatar.png]
[0codezone.github.io/Magnitude/wp-content/cache/wpfc-minified/eu625954/brfio.css]
[0codezone.github.io/Magnitude/fonts.googleapis.com/css18fe.html]
[0codezone.github.io/Magnitude/wp-content/cache/wpfc-minified/kngyqf53/brfct.css]
[www.sln-solutions.com/wp-content/plugins/js_composer/assets/vc/alert.png]
[www.sln-solutions.com/wp-content/themes/thegem/images/admin-images/portfolio-dummy.png]
[www.sln-solutions.com/wp-content/themes/thegem/images/admin-images/products-dummy.png]
[www.sln-solutions.com/wp-content/themes/thegem/images/admin-images/testimonials-dummy.png]
[www.sln-solutions.com/wp-content/themes/thegem/images/admin-images/countdown-dummy.png]
[www.sln-solutions.com/wp-content/themes/thegem/images/admin-images/blog-dummy.png]
[www.sln-solutions.com/wp-content/themes/thegem/images/admin-images/blog-extended-dummy.png]
[www.sln-solutions.com/wp-content/themes/thegem/images/admin-images/featured-posts-slider-dummy.png]
[www.sln-solutions.com/wp-content/themes/thegem/images/admin-images/gallery-dummy.png]
[www.sln-solutions.com/wp-content/themes/thegem/images/admin-images/diagram-dummy.png]
[www.sln-solutions.com/wp-content/themes/thegem/images/admin-images/clients-dummy.png]
[www.sln-solutions.com/wp-content/themes/thegem/images/admin-images/counter-dummy.png]
[www.sln-solutions.com/wp-content/themes/thegem/images/admin-images/instagram-dummy.png]
[www.sln-solutions.com/wp-content/plugins/popup-anything-on-click/assets/images/close.png]
[0codezone.github.io/Magnitude/wp-content/cache/wpfc-minified/er2xct37/8hf2c.css]
[0codezone.github.io/Magnitude/wp-includes/wlwmanifest.html]
[www.googletagmanager.com/gtm5445.html]
[0codezone.github.io/Magnitude/wp-content/uploads/2020/07/background9665.html]
[0codezone.github.io/Magnitude/wp-content/plugins/LayerSlider/assets/static/layerslider/css/layersliderfaa9.css]
[0codezone.github.io/Magnitude/wp-content/themes/thegem/css/thegem-preloaderf658.css]
[0codezone.github.io/Magnitude/wp-content/themes/thegem/css/thegem-resetf658.css]
[0codezone.github.io/Magnitude/wp-content/themes/thegem/css/thegem-gridf658.css]
[0codezone.github.io/Magnitude/wp-content/themes/thegem/stylef658.css]
[0codezone.github.io/Magnitude/wp-content/themes/thegem/css/thegem-headerf658.css]
[0codezone.github.io/Magnitude/wp-content/themes/thegem/css/thegem-widgetsf658.css]
[0codezone.github.io/Magnitude/wp-content/themes/thegem/css/thegem-new-cssf658.css]
[0codezone.github.io/Magnitude/wp-content/themes/thegem/css/thegem-perevazka-cssf658.css]
[0codezone.github.io/Magnitude/wp-content/themes/thegem/css/custom-c1jniNOyf658.css]
[0codezone.github.io/Magnitude/wp-content/themes/thegem/css/thegem-additional-blog-1f658.css]
[0codezone.github.io/Magnitude/wp-content/plugins/js_composer/assets/css/js_composer.minbdeb.css]
[0codezone.github.io/Magnitude/wp-content/themes/thegem/js/fancyBox/jquery.fancybox.minf658.css]
[0codezone.github.io/Magnitude/wp-content/themes/thegem/css/thegem-vc_elementsf658.css]
[0codezone.github.io/Magnitude/wp-includes/css/dist/block-library/style.minf658.css]
[0codezone.github.io/Magnitude/wp-content/plugins/contact-form-7/includes/css/styles7661.css]
[0codezone.github.io/Magnitude/wp-content/plugins/popup-anything-on-click/assets/css/popupaoc-public-stylec7cd.css]
[0codezone.github.io/Magnitude/wp-content/themes/thegem/css/thegem-js_composer_columnsf658.css]
[0codezone.github.io/Magnitude/wp-content/themes/thegem/js/thegem-settings-initf658.js]
[0codezone.github.io/Magnitude/wp-includes/js/jquery/jquery.minaf6c.js]
[0codezone.github.io/Magnitude/wp-includes/js/jquery/jquery-migrate.mind617.js]
[0codezone.github.io/Magnitude/wp-content/plugins/LayerSlider/assets/static/layerslider/js/layerslider.utilsfaa9.js]
[0codezone.github.io/Magnitude/wp-content/plugins/LayerSlider/assets/static/layerslider/js/layerslider.kreaturamedia.jqueryfaa9.js]
[0codezone.github.io/Magnitude/wp-content/plugins/LayerSlider/assets/static/layerslider/js/layerslider.transitionsfaa9.js]
[0codezone.github.io/Magnitude/wp-content/themes/thegem/js/thegem-fullwidth-loaderf658.js]
[0codezone.github.io/Magnitude/wp-content/plugins/zilla-likes/scripts/zilla-likesf658.js]
[0codezone.github.io/Magnitude/wp-content/themes/thegem/css/icons-elegant3ef6.css]
[0codezone.github.io/Magnitude/wp-content/plugins/js_composer/assets/lib/bower/animate-css/animate.min4983.css]
[0codezone.github.io/Magnitude/wp-content/plugins/revslider/public/assets/css/rs69707.css]
[0codezone.github.io/Magnitude/wp-content/themes/thegem/js/jquery.dlmenu3ef6.js]
[0codezone.github.io/Magnitude/wp-content/themes/thegem/js/thegem-menu_init3ef6.js]
[0codezone.github.io/Magnitude/wp-content/themes/thegem/js/thegem-form-elements3ef6.js]
[0codezone.github.io/Magnitude/wp-content/themes/thegem/js/jquery.easing3ef6.js]
[0codezone.github.io/Magnitude/wp-content/themes/thegem/js/thegem-header3ef6.js]
[0codezone.github.io/Magnitude/wp-content/themes/thegem/js/functions3ef6.js]
[0codezone.github.io/Magnitude/wp-content/themes/thegem/js/fancyBox/jquery.mousewheel.pack3ef6.js]
[0codezone.github.io/Magnitude/wp-content/themes/thegem/js/fancyBox/jquery.fancybox.min3ef6.js]
[0codezone.github.io/Magnitude/wp-content/themes/thegem/js/fancyBox/jquery.fancybox-init3ef6.js]
[0codezone.github.io/Magnitude/wp-includes/js/dist/vendor/regenerator-runtime.minf93e.js]
[0codezone.github.io/Magnitude/wp-includes/js/dist/vendor/wp-polyfill.minc26c.js]
[0codezone.github.io/Magnitude/wp-content/plugins/contact-form-7/includes/js/index244c.js]
[0codezone.github.io/Magnitude/wp-includes/js/wp-embed.min3ef6.js]
[0codezone.github.io/Magnitude/wp-content/plugins/revslider/public/assets/js/rbtools.min9707.js]
[0codezone.github.io/Magnitude/wp-content/plugins/revslider/public/assets/js/rs6.min9707.js]
[0codezone.github.io/Magnitude/wp-content/plugins/js_composer/assets/js/dist/js_composer_front.min4983.js]
[0codezone.github.io/Magnitude/wp-content/plugins/js_composer/assets/lib/vc_waypoints/vc-waypoints.min4983.js]
[cdn.jsdelivr.net/npm/sweetalert2@11/dist/sweetalert2.min.css]
[smtpjs.com/v3/smtp.js]
[0codezone.github.io/Magnitude/contact.html]
[0codezone.github.io/Magnitude/wp-content/themes/thegem/images/backgrounds/title/08.jpg]
[0codezone.github.io/Magnitude/wp-content/uploads/2020/08/welcome.jpg]
[0codezone.github.io/Magnitude/wp-content/uploads/2020/07/service-6.jpg]
[0codezone.github.io/Magnitude/wp-content/uploads/2020/08/image-2.jpg]
[0codezone.github.io/Magnitude/wp-content/themes/thegem/css/odometer-theme-defaultf658.css]
[0codezone.github.io/Magnitude/wp-content/themes/thegem/css/thegem-lazy-loading-animationsf658.css]
[0codezone.github.io/Magnitude/aboutus.html]
[0codezone.github.io/Magnitude/faq.html]
[0codezone.github.io/Magnitude/healthcare-email-list.html]
[0codezone.github.io/Magnitude/professionals-email-list.html]
[0codezone.github.io/Magnitude/technology-users-email-list.html]
[0codezone.github.io/Magnitude/industry-email-list.html]
[0codezone.github.io/Magnitude/international-email-list.html]
[0codezone.github.io/Magnitude/b2b-email-list.html]
[0codezone.github.io/Magnitude/data-appending-services.html]
[0codezone.github.io/Magnitude/email-appending-services.html]
[0codezone.github.io/Magnitude/data-cleansing-services.html]
[0codezone.github.io/Magnitude/data-licensing-services.html]
[0codezone.github.io/Magnitude/phone-appending-services.html]
[0codezone.github.io/Magnitude/privacy-policy.html]
[0codezone.github.io/Magnitude/fonts.googleapis.com/css617a.html]
[0codezone.github.io/Magnitude/wp-content/cache/wpfc-minified/9km4zi9a/brfcq.css]
[www.sln-solutions.com/wp-content/plugins/LayerSlider/assets/static/layerslider/img/icon-muted-white.html]
[www.sln-solutions.com/wp-content/plugins/LayerSlider/assets/static/layerslider/img/icon-unmuted-white.html]
[www.sln-solutions.com/wp-content/themes/images/mouse_icon.html]
[0codezone.github.io/Magnitude/wp-content/plugins/LayerSlider/assets/static/layerslider/css/layersliderfaa9.css]
[0codezone.github.io/Magnitude/wp-content/themes/thegem/css/thegem-preloaderf658.css]
[0codezone.github.io/Magnitude/wp-content/themes/thegem/css/thegem-resetf658.css]
[0codezone.github.io/Magnitude/wp-content/themes/thegem/css/thegem-gridf658.css]
[0codezone.github.io/Magnitude/wp-content/themes/thegem/stylef658.css]
[0codezone.github.io/Magnitude/wp-content/themes/thegem/css/thegem-headerf658.css]
[0codezone.github.io/Magnitude/wp-content/themes/thegem/css/thegem-widgetsf658.css]
[0codezone.github.io/Magnitude/wp-content/themes/thegem/css/thegem-new-cssf658.css]
[0codezone.github.io/Magnitude/wp-content/themes/thegem/css/thegem-perevazka-cssf658.css]
[0codezone.github.io/Magnitude/wp-content/themes/thegem/css/custom-c1jniNOyf658.css]
[0codezone.github.io/Magnitude/wp-content/plugins/js_composer/assets/css/js_composer.minbdeb.css]
[0codezone.github.io/Magnitude/wp-content/themes/thegem/css/thegem-additional-blog-1f658.css]
[0codezone.github.io/Magnitude/wp-content/themes/thegem/js/fancyBox/jquery.fancybox.minf658.css]
[0codezone.github.io/Magnitude/wp-content/themes/thegem/css/thegem-vc_elementsf658.css]
[0codezone.github.io/Magnitude/wp-includes/css/dist/block-library/style.minf658.css]
[0codezone.github.io/Magnitude/wp-content/plugins/contact-form-7/includes/css/styles7661.css]
[0codezone.github.io/Magnitude/wp-content/plugins/popup-anything-on-click/assets/css/popupaoc-public-stylec7cd.css]
[0codezone.github.io/Magnitude/wp-content/themes/thegem/css/thegem-js_composer_columnsf658.css]
[0codezone.github.io/Magnitude/wp-content/themes/thegem/css/icons-elegant3ef6.css]
[0codezone.github.io/Magnitude/wp-content/plugins/js_composer/assets/lib/bower/animate-css/animate.min4983.css]
[0codezone.github.io/Magnitude/wp-content/plugins/revslider/public/assets/css/rs69707.css]
[cdn.jsdelivr.net/npm/sweetalert2@11/dist/sweetalert2.min.css]
[0codezone.github.io/Magnitude/wp-content/themes/thegem/css/odometer-theme-defaultf658.css]
[0codezone.github.io/Magnitude/wp-content/themes/thegem/css/thegem-lazy-loading-animationsf658.css]
